******************************************************************************
                  TI ARM Linker PC v18.1.2                     
******************************************************************************
>> Linked Sun Oct 13 19:59:12 2019

OUTPUT FILE NAME:   <UART_DMA.out>
ENTRY POINT SYMBOL: "_c_int00_noargs"  address: 00000e95


MEMORY CONFIGURATION

         name            origin    length      used     unused   attr    fill
----------------------  --------  ---------  --------  --------  ----  --------
  FLASH                 00000000   00040000  000011c8  0003ee38  R  X
  SRAM                  20000000   00008000  00000615  000079eb  RW X


SEGMENT ALLOCATION MAP

run origin  load origin   length   init length attrs members
----------  ----------- ---------- ----------- ----- -------
00000000    00000000    000011c8   000011c8    r-x
  00000000    00000000    0000026c   0000026c    r-- .intvecs
  0000026c    0000026c    00000dfc   00000dfc    r-x .text
  00001068    00001068    00000130   00000130    r-- .const
  00001198    00001198    00000030   00000030    r-- .cinit
20000000    20000000    00000615   00000000    rw-
  20000000    20000000    00000410   00000000    rw- .bss
  20000410    20000410    00000200   00000000    rw- .stack
  20000610    20000610    00000005   00000000    rw- .data


SECTION ALLOCATION MAP

 output                                  attributes/
section   page    origin      length       input sections
--------  ----  ----------  ----------   ----------------
.intvecs   0    00000000    0000026c     
                  00000000    0000026c     tm4c123gh6pm_startup_ccs.obj (.intvecs)

.text      0    0000026c    00000dfc     
                  0000026c    000004dc     uartstdio.obj (.text)
                  00000748    0000015c     main.obj (.text)
                  000008a4    00000132     driverlib.lib : gpio.obj (.text:GPIOPadConfigSet)
                  000009d6    00000002     rtsv7M4_T_le_v4SPD16_eabi.lib : div0.asm.obj (.text)
                  000009d8    000000f4     driverlib.lib : sysctl.obj (.text:SysCtlClockSet)
                  00000acc    0000009c     rtsv7M4_T_le_v4SPD16_eabi.lib : memcpy_t2.asm.obj (.text)
                  00000b68    00000084     driverlib.lib : udma.obj (.text:uDMAChannelTransferSet)
                  00000bec    0000007a     rtsv7M4_T_le_v4SPD16_eabi.lib : memset_t2.asm.obj (.text)
                  00000c66    00000002     --HOLE-- [fill = 0]
                  00000c68    00000068     driverlib.lib : interrupt.obj (.text:IntEnable)
                  00000cd0    00000068     rtsv7M4_T_le_v4SPD16_eabi.lib : copy_decompress_lzss.c.obj (.text:decompress:lzss:__TI_decompress_lzss)
                  00000d38    00000048     driverlib.lib : gpio.obj (.text:GPIOPinConfigure)
                  00000d80    00000048                   : udma.obj (.text:uDMAChannelAttributeDisable)
                  00000dc8    00000048                   : udma.obj (.text:uDMAChannelAttributeEnable)
                  00000e10    00000044     rtsv7M4_T_le_v4SPD16_eabi.lib : autoinit.c.obj (.text:__TI_auto_init_nobinit_nopinit:__TI_auto_init_nobinit_nopinit)
                  00000e54    00000040                                   : u_divt2.asm.obj (.text)
                  00000e94    00000038                                   : boot_cortex_m.c.obj (.text:_c_int00_noargs:_c_int00_noargs)
                  00000ecc    00000034     driverlib.lib : sysctl.obj (.text:SysCtlPeripheralEnable)
                  00000f00    00000034                   : sysctl.obj (.text:SysCtlPeripheralSleepEnable)
                  00000f34    0000002a                   : gpio.obj (.text:GPIODirModeSet)
                  00000f5e    00000002     --HOLE-- [fill = 0]
                  00000f60    00000024                   : udma.obj (.text:uDMAChannelControlSet)
                  00000f84    00000018                   : udma.obj (.text:uDMAChannelEnable)
                  00000f9c    00000014                   : uart.obj (.text:UARTEnable)
                  00000fb0    00000012                   : gpio.obj (.text:GPIOPinTypeUART)
                  00000fc2    00000010                   : interrupt.obj (.text:IntMasterEnable)
                  00000fd2    00000002     --HOLE-- [fill = 0]
                  00000fd4    00000010                   : udma.obj (.text:uDMAEnable)
                  00000fe4    0000000e     rtsv7M4_T_le_v4SPD16_eabi.lib : copy_decompress_none.c.obj (.text:decompress:none:__TI_decompress_none)
                  00000ff2    0000000c     driverlib.lib : cpu.obj (.text:CPUcpsie)
                  00000ffe    0000000c     rtsv7M4_T_le_v4SPD16_eabi.lib : copy_zero_init.c.obj (.text:decompress:ZI:__TI_zero_init)
                  0000100a    0000000c     tm4c123gh6pm_startup_ccs.obj (.text)
                  00001016    00000002     --HOLE-- [fill = 0]
                  00001018    0000000c     driverlib.lib : udma.obj (.text:uDMAControlBaseSet)
                  00001024    0000000c                   : udma.obj (.text:uDMAErrorStatusClear)
                  00001030    0000000c                   : udma.obj (.text:uDMAErrorStatusGet)
                  0000103c    0000000a                   : uart.obj (.text:UARTFIFOEnable)
                  00001046    00000008                   : uart.obj (.text:UARTDMAEnable)
                  0000104e    00000006                   : sysctl.obj (.text:SysCtlDelay)
                  00001054    00000006                   : uart.obj (.text:UARTClockSourceSet)
                  0000105a    00000006                   : uart.obj (.text:UARTFIFOLevelSet)
                  00001060    00000004     rtsv7M4_T_le_v4SPD16_eabi.lib : pre_init.c.obj (.text:_system_pre_init)
                  00001064    00000004                                   : exit.c.obj (.text:abort:abort)

.const     0    00001068    00000130     
                  00001068    00000090     driverlib.lib : gpio.obj (.const:g_pui32GPIOBaseAddrs)
                  000010f8    00000070                   : interrupt.obj (.const)
                  00001168    00000012     uartstdio.obj (.const:.string)
                  0000117a    00000002     --HOLE-- [fill = 0]
                  0000117c    0000000c     uartstdio.obj (.const:g_ui32UARTBase)
                  00001188    0000000c     uartstdio.obj (.const:g_ui32UARTPeriph)
                  00001194    00000004     uartstdio.obj (.const)

.cinit     0    00001198    00000030     
                  00001198    0000000c     (__TI_handler_table)
                  000011a4    00000004     --HOLE-- [fill = 0]
                  000011a8    00000008     (.cinit..bss.load) [load image, compression = zero_init]
                  000011b0    00000007     (.cinit..data.load) [load image, compression = lzss]
                  000011b7    00000001     --HOLE-- [fill = 0]
                  000011b8    00000010     (__TI_cinit_table)

.init_array 
*          0    00000000    00000000     UNINITIALIZED

.bss       0    20000000    00000410     UNINITIALIZED
                  20000000    00000400     (.common:ucControlTable)
                  20000400    00000010     main.obj (.bss:g_ucTxBuffer)

.data      0    20000610    00000005     UNINITIALIZED
                  20000610    00000005     uartstdio.obj (.data)

.stack     0    20000410    00000200     UNINITIALIZED
                  20000410    00000004     rtsv7M4_T_le_v4SPD16_eabi.lib : boot_cortex_m.c.obj (.stack)
                  20000414    000001fc     --HOLE--

MODULE SUMMARY

       Module                         code   ro data   rw data
       ------                         ----   -------   -------
    .\
       main.obj                       348    0         1040   
       uartstdio.obj                  1244   46        5      
       tm4c123gh6pm_startup_ccs.obj   12     620       0      
    +--+------------------------------+------+---------+---------+
       Total:                         1604   666       1045   
                                                              
    C:/ti/TivaWare_C_Series-2.1.4.178/driverlib/ccs/Debug/driverlib.lib
       gpio.obj                       438    144       0      
       udma.obj                       388    0         0      
       sysctl.obj                     354    0         0      
       interrupt.obj                  120    112       0      
       uart.obj                       50     0         0      
       cpu.obj                        12     0         0      
    +--+------------------------------+------+---------+---------+
       Total:                         1362   256       0      
                                                              
    C:\ti\ccsv8\tools\compiler\ti-cgt-arm_18.1.2.LTS\lib\rtsv7M4_T_le_v4SPD16_eabi.lib
       memcpy_t2.asm.obj              156    0         0      
       memset_t2.asm.obj              122    0         0      
       copy_decompress_lzss.c.obj     104    0         0      
       autoinit.c.obj                 68     0         0      
       u_divt2.asm.obj                64     0         0      
       boot_cortex_m.c.obj            56     0         0      
       copy_decompress_none.c.obj     14     0         0      
       copy_zero_init.c.obj           12     0         0      
       exit.c.obj                     4      0         0      
       pre_init.c.obj                 4      0         0      
       div0.asm.obj                   2      0         0      
    +--+------------------------------+------+---------+---------+
       Total:                         606    0         0      
                                                              
       Stack:                         0      0         512    
       Linker Generated:              0      43        0      
    +--+------------------------------+------+---------+---------+
       Grand Total:                   3572   965       1557   


LINKER GENERATED COPY TABLES

__TI_cinit_table @ 000011b8 records: 2, size/record: 8, table size: 16
	.bss: load addr=000011a8, load size=00000008 bytes, run addr=20000000, run size=00000410 bytes, compression=zero_init
	.data: load addr=000011b0, load size=00000007 bytes, run addr=20000610, run size=00000005 bytes, compression=lzss


LINKER GENERATED HANDLER TABLE

__TI_handler_table @ 00001198 records: 3, size/record: 4, table size: 12
	index: 0, handler: __TI_decompress_lzss
	index: 1, handler: __TI_decompress_none
	index: 2, handler: __TI_zero_init


GLOBAL SYMBOLS: SORTED ALPHABETICALLY BY Name 

address   name                          
-------   ----                          
00001065  C$$EXIT                       
00000ff3  CPUcpsie                      
00000f35  GPIODirModeSet                
000008a5  GPIOPadConfigSet              
00000d39  GPIOPinConfigure              
00000fb1  GPIOPinTypeUART               
00000819  InitConsole                   
00000785  InitDMA                       
00000c69  IntEnable                     
00000fc3  IntMasterEnable               
0000100b  ResetISR                      
000009d9  SysCtlClockSet                
0000104f  SysCtlDelay                   
00000ecd  SysCtlPeripheralEnable        
00000f01  SysCtlPeripheralSleepEnable   
00001055  UARTClockSourceSet            
00001047  UARTDMAEnable                 
00000f9d  UARTEnable                    
0000103d  UARTFIFOEnable                
0000105b  UARTFIFOLevelSet              
0000026d  UARTStdioConfig               
000003e5  UARTgetc                      
0000031f  UARTgets                      
00000713  UARTprintf                    
00000419  UARTvprintf                   
000002cd  UARTwrite                     
20000610  __STACK_END                   
00000200  __STACK_SIZE                  
20000610  __STACK_TOP                   
000011b8  __TI_CINIT_Base               
000011c8  __TI_CINIT_Limit              
00001198  __TI_Handler_Table_Base       
000011a4  __TI_Handler_Table_Limit      
00000e11  __TI_auto_init_nobinit_nopinit
00000cd1  __TI_decompress_lzss          
00000fe5  __TI_decompress_none          
ffffffff  __TI_pprof_out_hndl           
ffffffff  __TI_prof_data_size           
ffffffff  __TI_prof_data_start          
00000000  __TI_static_base__            
00000fff  __TI_zero_init                
000009d7  __aeabi_idiv0                 
000009d7  __aeabi_ldiv0                 
00000bed  __aeabi_memclr                
00000bed  __aeabi_memclr4               
00000bed  __aeabi_memclr8               
00000acd  __aeabi_memcpy                
00000acd  __aeabi_memcpy4               
00000acd  __aeabi_memcpy8               
00000bef  __aeabi_memset                
00000bef  __aeabi_memset4               
00000bef  __aeabi_memset8               
00000e55  __aeabi_uidiv                 
00000e55  __aeabi_uidivmod              
ffffffff  __binit__                     
ffffffff  __c_args__                    
UNDEFED   __mpu_init                    
20000410  __stack                       
00000e95  _c_int00_noargs               
UNDEFED   _system_post_cinit            
00001061  _system_pre_init              
00001065  abort                         
ffffffff  binit                         
00000000  g_pfnVectors                  
00000763  main                          
00000acd  memcpy                        
00000bf5  memset                        
00000d81  uDMAChannelAttributeDisable   
00000dc9  uDMAChannelAttributeEnable    
00000f61  uDMAChannelControlSet         
00000f85  uDMAChannelEnable             
00000b69  uDMAChannelTransferSet        
00001019  uDMAControlBaseSet            
00000fd5  uDMAEnable                    
00000749  uDMAErrorHandler              
00001025  uDMAErrorStatusClear          
00001031  uDMAErrorStatusGet            
20000000  ucControlTable                


GLOBAL SYMBOLS: SORTED BY Symbol Address 

address   name                          
-------   ----                          
00000000  __TI_static_base__            
00000000  g_pfnVectors                  
00000200  __STACK_SIZE                  
0000026d  UARTStdioConfig               
000002cd  UARTwrite                     
0000031f  UARTgets                      
000003e5  UARTgetc                      
00000419  UARTvprintf                   
00000713  UARTprintf                    
00000749  uDMAErrorHandler              
00000763  main                          
00000785  InitDMA                       
00000819  InitConsole                   
000008a5  GPIOPadConfigSet              
000009d7  __aeabi_idiv0                 
000009d7  __aeabi_ldiv0                 
000009d9  SysCtlClockSet                
00000acd  __aeabi_memcpy                
00000acd  __aeabi_memcpy4               
00000acd  __aeabi_memcpy8               
00000acd  memcpy                        
00000b69  uDMAChannelTransferSet        
00000bed  __aeabi_memclr                
00000bed  __aeabi_memclr4               
00000bed  __aeabi_memclr8               
00000bef  __aeabi_memset                
00000bef  __aeabi_memset4               
00000bef  __aeabi_memset8               
00000bf5  memset                        
00000c69  IntEnable                     
00000cd1  __TI_decompress_lzss          
00000d39  GPIOPinConfigure              
00000d81  uDMAChannelAttributeDisable   
00000dc9  uDMAChannelAttributeEnable    
00000e11  __TI_auto_init_nobinit_nopinit
00000e55  __aeabi_uidiv                 
00000e55  __aeabi_uidivmod              
00000e95  _c_int00_noargs               
00000ecd  SysCtlPeripheralEnable        
00000f01  SysCtlPeripheralSleepEnable   
00000f35  GPIODirModeSet                
00000f61  uDMAChannelControlSet         
00000f85  uDMAChannelEnable             
00000f9d  UARTEnable                    
00000fb1  GPIOPinTypeUART               
00000fc3  IntMasterEnable               
00000fd5  uDMAEnable                    
00000fe5  __TI_decompress_none          
00000ff3  CPUcpsie                      
00000fff  __TI_zero_init                
0000100b  ResetISR                      
00001019  uDMAControlBaseSet            
00001025  uDMAErrorStatusClear          
00001031  uDMAErrorStatusGet            
0000103d  UARTFIFOEnable                
00001047  UARTDMAEnable                 
0000104f  SysCtlDelay                   
00001055  UARTClockSourceSet            
0000105b  UARTFIFOLevelSet              
00001061  _system_pre_init              
00001065  C$$EXIT                       
00001065  abort                         
00001198  __TI_Handler_Table_Base       
000011a4  __TI_Handler_Table_Limit      
000011b8  __TI_CINIT_Base               
000011c8  __TI_CINIT_Limit              
20000000  ucControlTable                
20000410  __stack                       
20000610  __STACK_END                   
20000610  __STACK_TOP                   
ffffffff  __TI_pprof_out_hndl           
ffffffff  __TI_prof_data_size           
ffffffff  __TI_prof_data_start          
ffffffff  __binit__                     
ffffffff  __c_args__                    
ffffffff  binit                         
UNDEFED   __mpu_init                    
UNDEFED   _system_post_cinit            

[78 symbols]
