******************************************************************************
                  TI ARM Linker PC v18.1.2                     
******************************************************************************
>> Linked Sat Aug 24 13:10:32 2019

OUTPUT FILE NAME:   <TIVA_ADC.out>
ENTRY POINT SYMBOL: "_c_int00_noargs"  address: 00000605


MEMORY CONFIGURATION

         name            origin    length      used     unused   attr    fill
----------------------  --------  ---------  --------  --------  ----  --------
  FLASH                 00000000   00040000  000007c8  0003f838  R  X
  SRAM                  20000000   00008000  0000021c  00007de4  RW X


SEGMENT ALLOCATION MAP

run origin  load origin   length   init length attrs members
----------  ----------- ---------- ----------- ----- -------
00000000    00000000    000007cc   000007cc    r-x
  00000000    00000000    0000026c   0000026c    r-- .intvecs
  0000026c    0000026c    000004d8   000004d8    r-x .text
  00000744    00000744    00000070   00000070    r-- .const
  000007b8    000007b8    00000014   00000014    r-- .cinit
20000000    20000000    0000021c   00000000    rw-
  20000000    20000000    00000200   00000000    rw- .stack
  20000200    20000200    0000001c   00000000    rw- .bss


SECTION ALLOCATION MAP

 output                                  attributes/
section   page    origin      length       input sections
--------  ----  ----------  ----------   ----------------
.intvecs   0    00000000    0000026c     
                  00000000    0000026c     tm4c123gh6pm_startup_ccs.obj (.intvecs)

.text      0    0000026c    000004d8     
                  0000026c    0000012c     main.obj (.text)
                  00000398    000000f4     driverlib.lib : sysctl.obj (.text:SysCtlClockSet)
                  0000048c    0000007a                   : adc.obj (.text:ADCSequenceStepConfigure)
                  00000506    00000002     --HOLE-- [fill = 0]
                  00000508    00000068                   : interrupt.obj (.text:IntEnable)
                  00000570    00000050                   : adc.obj (.text:ADCSequenceConfigure)
                  000005c0    00000044     rtsv7M4_T_le_v4SPD16_eabi.lib : autoinit.c.obj (.text:__TI_auto_init_nobinit_nopinit:__TI_auto_init_nobinit_nopinit)
                  00000604    00000038                                   : boot_cortex_m.c.obj (.text:_c_int00_noargs:_c_int00_noargs)
                  0000063c    00000034     driverlib.lib : sysctl.obj (.text:SysCtlPeripheralEnable)
                  00000670    0000002e                   : adc.obj (.text:ADCIntStatus)
                  0000069e    0000001e                   : adc.obj (.text:ADCSequenceDataGet)
                  000006bc    00000018                   : adc.obj (.text:ADCProcessorTrigger)
                  000006d4    00000012     rtsv7M4_T_le_v4SPD16_eabi.lib : copy_zero_init.c.obj (.text:decompress:ZI:__TI_zero_init_nomemset:__TI_zero_init_nomemset)
                  000006e6    00000010     driverlib.lib : adc.obj (.text:ADCIntEnable)
                  000006f6    00000010                   : interrupt.obj (.text:IntMasterEnable)
                  00000706    0000000e                   : adc.obj (.text:ADCSequenceEnable)
                  00000714    0000000c                   : cpu.obj (.text:CPUcpsie)
                  00000720    0000000c     tm4c123gh6pm_startup_ccs.obj (.text)
                  0000072c    0000000a     driverlib.lib : adc.obj (.text:ADCIntClear)
                  00000736    00000006                   : sysctl.obj (.text:SysCtlDelay)
                  0000073c    00000004     rtsv7M4_T_le_v4SPD16_eabi.lib : pre_init.c.obj (.text:_system_pre_init)
                  00000740    00000004                                   : exit.c.obj (.text:abort:abort)

.const     0    00000744    00000070     
                  00000744    00000070     driverlib.lib : interrupt.obj (.const)

.cinit     0    000007b8    00000014     
                  000007b8    00000008     (.cinit..bss.load) [load image, compression = zero_init]
                  000007c0    00000004     (__TI_handler_table)
                  000007c4    00000008     (__TI_cinit_table)

.init_array 
*          0    00000000    00000000     UNINITIALIZED

.bss       0    20000200    0000001c     UNINITIALIZED
                  20000200    00000010     (.common:ui32ADC0Value)
                  20000210    00000004     (.common:ui32TempAvg)
                  20000214    00000004     (.common:ui32TempValueC)
                  20000218    00000004     (.common:ui32TempValueF)

.stack     0    20000000    00000200     UNINITIALIZED
                  20000000    00000004     rtsv7M4_T_le_v4SPD16_eabi.lib : boot_cortex_m.c.obj (.stack)
                  20000004    000001fc     --HOLE--

MODULE SUMMARY

       Module                         code   ro data   rw data
       ------                         ----   -------   -------
    .\
       tm4c123gh6pm_startup_ccs.obj   12     620       0      
       main.obj                       300    0         28     
    +--+------------------------------+------+---------+---------+
       Total:                         312    620       28     
                                                              
    C:/ti/TivaWare_C_Series-2.1.4.178/driverlib/ccs/Debug/driverlib.lib
       adc.obj                        342    0         0      
       sysctl.obj                     302    0         0      
       interrupt.obj                  120    112       0      
       cpu.obj                        12     0         0      
    +--+------------------------------+------+---------+---------+
       Total:                         776    112       0      
                                                              
    C:\ti\ccsv8\tools\compiler\ti-cgt-arm_18.1.2.LTS\lib\rtsv7M4_T_le_v4SPD16_eabi.lib
       autoinit.c.obj                 68     0         0      
       boot_cortex_m.c.obj            56     0         0      
       copy_zero_init.c.obj           18     0         0      
       exit.c.obj                     4      0         0      
       pre_init.c.obj                 4      0         0      
    +--+------------------------------+------+---------+---------+
       Total:                         150    0         0      
                                                              
       Stack:                         0      0         512    
       Linker Generated:              0      20        0      
    +--+------------------------------+------+---------+---------+
       Grand Total:                   1238   752       540    


LINKER GENERATED COPY TABLES

__TI_cinit_table @ 000007c4 records: 1, size/record: 8, table size: 8
	.bss: load addr=000007b8, load size=00000008 bytes, run addr=20000200, run size=0000001c bytes, compression=zero_init


LINKER GENERATED HANDLER TABLE

__TI_handler_table @ 000007c0 records: 1, size/record: 4, table size: 4
	index: 0, handler: __TI_zero_init


GLOBAL SYMBOLS: SORTED ALPHABETICALLY BY Name 

address   name                          
-------   ----                          
0000072d  ADCIntClear                   
000006e7  ADCIntEnable                  
00000671  ADCIntStatus                  
000006bd  ADCProcessorTrigger           
00000571  ADCSequenceConfigure          
0000069f  ADCSequenceDataGet            
00000707  ADCSequenceEnable             
0000048d  ADCSequenceStepConfigure      
0000026d  ADC_Interrupt_Handle          
00000741  C$$EXIT                       
00000715  CPUcpsie                      
00000509  IntEnable                     
000006f7  IntMasterEnable               
00000721  ResetISR                      
00000399  SysCtlClockSet                
00000737  SysCtlDelay                   
0000063d  SysCtlPeripheralEnable        
20000200  __STACK_END                   
00000200  __STACK_SIZE                  
20000200  __STACK_TOP                   
000007c4  __TI_CINIT_Base               
000007cc  __TI_CINIT_Limit              
000007c0  __TI_Handler_Table_Base       
000007c4  __TI_Handler_Table_Limit      
000005c1  __TI_auto_init_nobinit_nopinit
ffffffff  __TI_pprof_out_hndl           
ffffffff  __TI_prof_data_size           
ffffffff  __TI_prof_data_start          
00000000  __TI_static_base__            
000006d5  __TI_zero_init_nomemset       
ffffffff  __binit__                     
ffffffff  __c_args__                    
UNDEFED   __mpu_init                    
20000000  __stack                       
00000605  _c_int00_noargs               
UNDEFED   _system_post_cinit            
0000073d  _system_pre_init              
00000741  abort                         
ffffffff  binit                         
00000000  g_pfnVectors                  
000002fb  main                          
20000200  ui32ADC0Value                 
20000210  ui32TempAvg                   
20000214  ui32TempValueC                
20000218  ui32TempValueF                


GLOBAL SYMBOLS: SORTED BY Symbol Address 

address   name                          
-------   ----                          
00000000  __TI_static_base__            
00000000  g_pfnVectors                  
00000200  __STACK_SIZE                  
0000026d  ADC_Interrupt_Handle          
000002fb  main                          
00000399  SysCtlClockSet                
0000048d  ADCSequenceStepConfigure      
00000509  IntEnable                     
00000571  ADCSequenceConfigure          
000005c1  __TI_auto_init_nobinit_nopinit
00000605  _c_int00_noargs               
0000063d  SysCtlPeripheralEnable        
00000671  ADCIntStatus                  
0000069f  ADCSequenceDataGet            
000006bd  ADCProcessorTrigger           
000006d5  __TI_zero_init_nomemset       
000006e7  ADCIntEnable                  
000006f7  IntMasterEnable               
00000707  ADCSequenceEnable             
00000715  CPUcpsie                      
00000721  ResetISR                      
0000072d  ADCIntClear                   
00000737  SysCtlDelay                   
0000073d  _system_pre_init              
00000741  C$$EXIT                       
00000741  abort                         
000007c0  __TI_Handler_Table_Base       
000007c4  __TI_CINIT_Base               
000007c4  __TI_Handler_Table_Limit      
000007cc  __TI_CINIT_Limit              
20000000  __stack                       
20000200  __STACK_END                   
20000200  __STACK_TOP                   
20000200  ui32ADC0Value                 
20000210  ui32TempAvg                   
20000214  ui32TempValueC                
20000218  ui32TempValueF                
ffffffff  __TI_pprof_out_hndl           
ffffffff  __TI_prof_data_size           
ffffffff  __TI_prof_data_start          
ffffffff  __binit__                     
ffffffff  __c_args__                    
ffffffff  binit                         
UNDEFED   __mpu_init                    
UNDEFED   _system_post_cinit            

[45 symbols]
