******************************************************************************
                  TI ARM Linker PC v18.1.2                     
******************************************************************************
>> Linked Mon Aug  5 21:14:47 2019

OUTPUT FILE NAME:   <I2C_Master.out>
ENTRY POINT SYMBOL: "_c_int00_noargs"  address: 0000102d


MEMORY CONFIGURATION

         name            origin    length      used     unused   attr    fill
----------------------  --------  ---------  --------  --------  ----  --------
  FLASH                 00000000   00040000  0000139e  0003ec62  R  X
  SRAM                  20000000   00008000  00000206  00007dfa  RW X


SEGMENT ALLOCATION MAP

run origin  load origin   length   init length attrs members
----------  ----------- ---------- ----------- ----- -------
00000000    00000000    000013a0   000013a0    r-x
  00000000    00000000    0000026c   0000026c    r-- .intvecs
  0000026c    0000026c    00000f66   00000f66    r-x .text
  000011d4    000011d4    0000019c   0000019c    r-- .const
  00001370    00001370    00000030   00000030    r-- .cinit
20000000    20000000    00000206   00000000    rw-
  20000000    20000000    00000200   00000000    rw- .stack
  20000200    20000200    00000005   00000000    rw- .data
  20000205    20000205    00000001   00000000    rw- .bss


SECTION ALLOCATION MAP

 output                                  attributes/
section   page    origin      length       input sections
--------  ----  ----------  ----------   ----------------
.intvecs   0    00000000    0000026c     
                  00000000    0000026c     tm4c123gh6pm_startup_ccs.obj (.intvecs)

.text      0    0000026c    00000f66     
                  0000026c    0000077c     main.obj (.text)
                  000009e8    00000132     driverlib.lib : gpio.obj (.text:GPIOPadConfigSet)
                  00000b1a    00000002     rtsv7M4_T_le_v4SPD16_eabi.lib : div0.asm.obj (.text)
                  00000b1c    00000110     driverlib.lib : sysctl.obj (.text:SysCtlClockGet)
                  00000c2c    000000f4                   : sysctl.obj (.text:SysCtlClockSet)
                  00000d20    0000009c     rtsv7M4_T_le_v4SPD16_eabi.lib : memcpy_t2.asm.obj (.text)
                  00000dbc    00000068     driverlib.lib : interrupt.obj (.text:IntEnable)
                  00000e24    00000068     rtsv7M4_T_le_v4SPD16_eabi.lib : copy_decompress_lzss.c.obj (.text:decompress:lzss:__TI_decompress_lzss)
                  00000e8c    00000050     driverlib.lib : sysctl.obj (.text:SysCtlPeripheralReset)
                  00000edc    0000004c                   : i2c.obj (.text:I2CMasterInitExpClk)
                  00000f28    00000048                   : gpio.obj (.text:GPIOPinConfigure)
                  00000f70    00000044     rtsv7M4_T_le_v4SPD16_eabi.lib : autoinit.c.obj (.text:__TI_auto_init_nobinit_nopinit:__TI_auto_init_nobinit_nopinit)
                  00000fb4    00000040                                   : u_divt2.asm.obj (.text)
                  00000ff4    00000038     driverlib.lib : sysctl.obj (.text:SysCtlPeripheralReady)
                  0000102c    00000038     rtsv7M4_T_le_v4SPD16_eabi.lib : boot_cortex_m.c.obj (.text:_c_int00_noargs:_c_int00_noargs)
                  00001064    00000034     driverlib.lib : sysctl.obj (.text:SysCtlPeripheralDisable)
                  00001098    00000034                   : sysctl.obj (.text:SysCtlPeripheralEnable)
                  000010cc    0000002a                   : gpio.obj (.text:GPIODirModeSet)
                  000010f6    00000012                   : gpio.obj (.text:GPIOPinTypeI2C)
                  00001108    00000012                   : gpio.obj (.text:GPIOPinTypeI2CSCL)
                  0000111a    00000012                   : gpio.obj (.text:GPIOPinTypeUART)
                  0000112c    00000012     rtsv7M4_T_le_v4SPD16_eabi.lib : copy_zero_init.c.obj (.text:decompress:ZI:__TI_zero_init_nomemset:__TI_zero_init_nomemset)
                  0000113e    00000010     driverlib.lib : interrupt.obj (.text:IntMasterEnable)
                  0000114e    0000000e     rtsv7M4_T_le_v4SPD16_eabi.lib : copy_decompress_none.c.obj (.text:decompress:none:__TI_decompress_none)
                  0000115c    0000000c     driverlib.lib : cpu.obj (.text:CPUcpsie)
                  00001168    0000000c     tm4c123gh6pm_startup_ccs.obj (.text)
                  00001174    0000000a     driverlib.lib : i2c.obj (.text:I2CMasterEnable)
                  0000117e    0000000a                   : i2c.obj (.text:I2CMasterIntStatusEx)
                  00001188    0000000a                   : uart.obj (.text:UARTCharGet)
                  00001192    00000008                   : i2c.obj (.text:I2CMasterBusy)
                  0000119a    00000008                   : i2c.obj (.text:I2CMasterIntClear)
                  000011a2    00000008                   : i2c.obj (.text:I2CMasterIntEnableEx)
                  000011aa    00000008                   : i2c.obj (.text:I2CMasterSlaveAddrSet)
                  000011b2    00000006                   : sysctl.obj (.text:SysCtlDelay)
                  000011b8    00000006                   : uart.obj (.text:UARTClockSourceSet)
                  000011be    00000004                   : i2c.obj (.text:I2CMasterControl)
                  000011c2    00000004                   : i2c.obj (.text:I2CMasterDataGet)
                  000011c6    00000004                   : i2c.obj (.text:I2CMasterDataPut)
                  000011ca    00000004     rtsv7M4_T_le_v4SPD16_eabi.lib : pre_init.c.obj (.text:_system_pre_init)
                  000011ce    00000004                                   : exit.c.obj (.text:abort:abort)

.const     0    000011d4    0000019c     
                  000011d4    00000090     driverlib.lib : gpio.obj (.const:g_pui32GPIOBaseAddrs)
                  00001264    00000070                   : interrupt.obj (.const)
                  000012d4    0000006c                   : sysctl.obj (.const:g_pui32Xtals)
                  00001340    00000012     main.obj (.const:.string)
                  00001352    00000002     --HOLE-- [fill = 0]
                  00001354    0000000c     main.obj (.const:g_ui32UARTBase)
                  00001360    0000000c     main.obj (.const:g_ui32UARTPeriph)
                  0000136c    00000004     main.obj (.const)

.cinit     0    00001370    00000030     
                  00001370    0000000c     (__TI_handler_table)
                  0000137c    00000004     --HOLE-- [fill = 0]
                  00001380    00000008     (.cinit..bss.load) [load image, compression = zero_init]
                  00001388    00000007     (.cinit..data.load) [load image, compression = lzss]
                  0000138f    00000001     --HOLE-- [fill = 0]
                  00001390    00000010     (__TI_cinit_table)

.init_array 
*          0    00000000    00000000     UNINITIALIZED

.data      0    20000200    00000005     UNINITIALIZED
                  20000200    00000005     main.obj (.data)

.bss       0    20000205    00000001     UNINITIALIZED
                  20000205    00000001     (.common:receive)

.stack     0    20000000    00000200     UNINITIALIZED
                  20000000    00000004     rtsv7M4_T_le_v4SPD16_eabi.lib : boot_cortex_m.c.obj (.stack)
                  20000004    000001fc     --HOLE--

MODULE SUMMARY

       Module                         code   ro data   rw data
       ------                         ----   -------   -------
    .\
       main.obj                       1916   46        6      
       tm4c123gh6pm_startup_ccs.obj   12     620       0      
    +--+------------------------------+------+---------+---------+
       Total:                         1928   666       6      
                                                              
    C:/ti/TivaWare_C_Series-2.1.4.178/driverlib/ccs/Debug/driverlib.lib
       sysctl.obj                     762    108       0      
       gpio.obj                       474    144       0      
       interrupt.obj                  120    112       0      
       i2c.obj                        140    0         0      
       uart.obj                       16     0         0      
       cpu.obj                        12     0         0      
    +--+------------------------------+------+---------+---------+
       Total:                         1524   364       0      
                                                              
    C:\ti\ccsv8\tools\compiler\ti-cgt-arm_18.1.2.LTS\lib\rtsv7M4_T_le_v4SPD16_eabi.lib
       memcpy_t2.asm.obj              156    0         0      
       copy_decompress_lzss.c.obj     104    0         0      
       autoinit.c.obj                 68     0         0      
       u_divt2.asm.obj                64     0         0      
       boot_cortex_m.c.obj            56     0         0      
       copy_zero_init.c.obj           18     0         0      
       copy_decompress_none.c.obj     14     0         0      
       exit.c.obj                     4      0         0      
       pre_init.c.obj                 4      0         0      
       div0.asm.obj                   2      0         0      
    +--+------------------------------+------+---------+---------+
       Total:                         490    0         0      
                                                              
       Stack:                         0      0         512    
       Linker Generated:              0      43        0      
    +--+------------------------------+------+---------+---------+
       Grand Total:                   3942   1073      518    


LINKER GENERATED COPY TABLES

__TI_cinit_table @ 00001390 records: 2, size/record: 8, table size: 16
	.bss: load addr=00001380, load size=00000008 bytes, run addr=20000205, run size=00000001 bytes, compression=zero_init
	.data: load addr=00001388, load size=00000007 bytes, run addr=20000200, run size=00000005 bytes, compression=lzss


LINKER GENERATED HANDLER TABLE

__TI_handler_table @ 00001370 records: 3, size/record: 4, table size: 12
	index: 0, handler: __TI_decompress_lzss
	index: 1, handler: __TI_decompress_none
	index: 2, handler: __TI_zero_init


GLOBAL SYMBOLS: SORTED ALPHABETICALLY BY Name 

address   name                          
-------   ----                          
000011cf  C$$EXIT                       
0000115d  CPUcpsie                      
000010cd  GPIODirModeSet                
000009e9  GPIOPadConfigSet              
00000f29  GPIOPinConfigure              
000010f7  GPIOPinTypeI2C                
00001109  GPIOPinTypeI2CSCL             
0000111b  GPIOPinTypeUART               
000007ad  I2C0_Master_Init              
00001193  I2CMasterBusy                 
000011bf  I2CMasterControl              
000011c3  I2CMasterDataGet              
000011c7  I2CMasterDataPut              
00001175  I2CMasterEnable               
00000edd  I2CMasterInitExpClk           
0000119b  I2CMasterIntClear             
000011a3  I2CMasterIntEnableEx          
00000737  I2CMasterIntHandler           
0000117f  I2CMasterIntStatusEx          
000011ab  I2CMasterSlaveAddrSet         
00000771  InitConsole                   
00000dbd  IntEnable                     
0000113f  IntMasterEnable               
00001169  ResetISR                      
00000b1d  SysCtlClockGet                
00000c2d  SysCtlClockSet                
000011b3  SysCtlDelay                   
00001065  SysCtlPeripheralDisable       
00001099  SysCtlPeripheralEnable        
00000ff5  SysCtlPeripheralReady         
00000e8d  SysCtlPeripheralReset         
00001189  UARTCharGet                   
000011b9  UARTClockSourceSet            
0000026d  UARTStdioConfig               
000003e5  UARTgetc                      
0000031f  UARTgets                      
00000713  UARTprintf                    
00000419  UARTvprintf                   
000002cd  UARTwrite                     
20000200  __STACK_END                   
00000200  __STACK_SIZE                  
20000200  __STACK_TOP                   
00001390  __TI_CINIT_Base               
000013a0  __TI_CINIT_Limit              
00001370  __TI_Handler_Table_Base       
0000137c  __TI_Handler_Table_Limit      
00000f71  __TI_auto_init_nobinit_nopinit
00000e25  __TI_decompress_lzss          
0000114f  __TI_decompress_none          
ffffffff  __TI_pprof_out_hndl           
ffffffff  __TI_prof_data_size           
ffffffff  __TI_prof_data_start          
00000000  __TI_static_base__            
0000112d  __TI_zero_init_nomemset       
00000b1b  __aeabi_idiv0                 
00000b1b  __aeabi_ldiv0                 
00000d21  __aeabi_memcpy                
00000d21  __aeabi_memcpy4               
00000d21  __aeabi_memcpy8               
00000fb5  __aeabi_uidiv                 
00000fb5  __aeabi_uidivmod              
ffffffff  __binit__                     
ffffffff  __c_args__                    
UNDEFED   __mpu_init                    
20000000  __stack                       
0000102d  _c_int00_noargs               
UNDEFED   _system_post_cinit            
000011cb  _system_pre_init              
000011cf  abort                         
ffffffff  binit                         
00000000  g_pfnVectors                  
000007ff  main                          
00000d21  memcpy                        
20000205  receive                       


GLOBAL SYMBOLS: SORTED BY Symbol Address 

address   name                          
-------   ----                          
00000000  __TI_static_base__            
00000000  g_pfnVectors                  
00000200  __STACK_SIZE                  
0000026d  UARTStdioConfig               
000002cd  UARTwrite                     
0000031f  UARTgets                      
000003e5  UARTgetc                      
00000419  UARTvprintf                   
00000713  UARTprintf                    
00000737  I2CMasterIntHandler           
00000771  InitConsole                   
000007ad  I2C0_Master_Init              
000007ff  main                          
000009e9  GPIOPadConfigSet              
00000b1b  __aeabi_idiv0                 
00000b1b  __aeabi_ldiv0                 
00000b1d  SysCtlClockGet                
00000c2d  SysCtlClockSet                
00000d21  __aeabi_memcpy                
00000d21  __aeabi_memcpy4               
00000d21  __aeabi_memcpy8               
00000d21  memcpy                        
00000dbd  IntEnable                     
00000e25  __TI_decompress_lzss          
00000e8d  SysCtlPeripheralReset         
00000edd  I2CMasterInitExpClk           
00000f29  GPIOPinConfigure              
00000f71  __TI_auto_init_nobinit_nopinit
00000fb5  __aeabi_uidiv                 
00000fb5  __aeabi_uidivmod              
00000ff5  SysCtlPeripheralReady         
0000102d  _c_int00_noargs               
00001065  SysCtlPeripheralDisable       
00001099  SysCtlPeripheralEnable        
000010cd  GPIODirModeSet                
000010f7  GPIOPinTypeI2C                
00001109  GPIOPinTypeI2CSCL             
0000111b  GPIOPinTypeUART               
0000112d  __TI_zero_init_nomemset       
0000113f  IntMasterEnable               
0000114f  __TI_decompress_none          
0000115d  CPUcpsie                      
00001169  ResetISR                      
00001175  I2CMasterEnable               
0000117f  I2CMasterIntStatusEx          
00001189  UARTCharGet                   
00001193  I2CMasterBusy                 
0000119b  I2CMasterIntClear             
000011a3  I2CMasterIntEnableEx          
000011ab  I2CMasterSlaveAddrSet         
000011b3  SysCtlDelay                   
000011b9  UARTClockSourceSet            
000011bf  I2CMasterControl              
000011c3  I2CMasterDataGet              
000011c7  I2CMasterDataPut              
000011cb  _system_pre_init              
000011cf  C$$EXIT                       
000011cf  abort                         
00001370  __TI_Handler_Table_Base       
0000137c  __TI_Handler_Table_Limit      
00001390  __TI_CINIT_Base               
000013a0  __TI_CINIT_Limit              
20000000  __stack                       
20000200  __STACK_END                   
20000200  __STACK_TOP                   
20000205  receive                       
ffffffff  __TI_pprof_out_hndl           
ffffffff  __TI_prof_data_size           
ffffffff  __TI_prof_data_start          
ffffffff  __binit__                     
ffffffff  __c_args__                    
ffffffff  binit                         
UNDEFED   __mpu_init                    
UNDEFED   _system_post_cinit            

[74 symbols]
