******************************************************************************
                  TI ARM Linker PC v18.1.2                     
******************************************************************************
>> Linked Thu Aug 29 21:38:05 2019

OUTPUT FILE NAME:   <TIVA_DS1307.out>
ENTRY POINT SYMBOL: "_c_int00_noargs"  address: 00001275


MEMORY CONFIGURATION

         name            origin    length      used     unused   attr    fill
----------------------  --------  ---------  --------  --------  ----  --------
  FLASH                 00000000   00040000  00001582  0003ea7e  R  X
  SRAM                  20000000   00008000  00000205  00007dfb  RW X


SEGMENT ALLOCATION MAP

run origin  load origin   length   init length attrs members
----------  ----------- ---------- ----------- ----- -------
00000000    00000000    00001588   00001588    r-x
  00000000    00000000    0000026c   0000026c    r-- .intvecs
  0000026c    0000026c    00001162   00001162    r-x .text
  000013d0    000013d0    0000019c   0000019c    r-- .const
  00001570    00001570    00000018   00000018    r-- .cinit
20000000    20000000    00000205   00000000    rw-
  20000000    20000000    00000200   00000000    rw- .stack
  20000200    20000200    00000005   00000000    rw- .data


SECTION ALLOCATION MAP

 output                                  attributes/
section   page    origin      length       input sections
--------  ----  ----------  ----------   ----------------
.intvecs   0    00000000    0000026c     
                  00000000    0000026c     tm4c123gh6pm_startup_ccs.obj (.intvecs)

.text      0    0000026c    00001162     
                  0000026c    00000520     main.obj (.text)
                  0000078c    000004dc     uartstdio.obj (.text)
                  00000c68    00000132     driverlib.lib : gpio.obj (.text:GPIOPadConfigSet)
                  00000d9a    00000002     rtsv7M4_T_le_v4SPD16_eabi.lib : div0.asm.obj (.text)
                  00000d9c    00000110     driverlib.lib : sysctl.obj (.text:SysCtlClockGet)
                  00000eac    000000f4                   : sysctl.obj (.text:SysCtlClockSet)
                  00000fa0    0000009c     rtsv7M4_T_le_v4SPD16_eabi.lib : memcpy_t2.asm.obj (.text)
                  0000103c    00000068     driverlib.lib : interrupt.obj (.text:IntEnable)
                  000010a4    00000068     rtsv7M4_T_le_v4SPD16_eabi.lib : copy_decompress_lzss.c.obj (.text:decompress:lzss:__TI_decompress_lzss)
                  0000110c    00000050     driverlib.lib : sysctl.obj (.text:SysCtlPeripheralReset)
                  0000115c    0000004c                   : i2c.obj (.text:I2CMasterInitExpClk)
                  000011a8    00000048                   : gpio.obj (.text:GPIOPinConfigure)
                  000011f0    00000044     rtsv7M4_T_le_v4SPD16_eabi.lib : autoinit.c.obj (.text:__TI_auto_init_nobinit_nopinit:__TI_auto_init_nobinit_nopinit)
                  00001234    00000040                                   : u_divt2.asm.obj (.text)
                  00001274    00000038                                   : boot_cortex_m.c.obj (.text:_c_int00_noargs:_c_int00_noargs)
                  000012ac    00000034     driverlib.lib : sysctl.obj (.text:SysCtlPeripheralEnable)
                  000012e0    0000002a                   : gpio.obj (.text:GPIODirModeSet)
                  0000130a    00000012                   : gpio.obj (.text:GPIOPinTypeI2C)
                  0000131c    00000012                   : gpio.obj (.text:GPIOPinTypeI2CSCL)
                  0000132e    00000012                   : gpio.obj (.text:GPIOPinTypeUART)
                  00001340    00000010                   : interrupt.obj (.text:IntMasterEnable)
                  00001350    0000000e     rtsv7M4_T_le_v4SPD16_eabi.lib : copy_decompress_none.c.obj (.text:decompress:none:__TI_decompress_none)
                  0000135e    0000000c     driverlib.lib : cpu.obj (.text:CPUcpsie)
                  0000136a    0000000c     tm4c123gh6pm_startup_ccs.obj (.text)
                  00001376    0000000a     driverlib.lib : i2c.obj (.text:I2CMasterEnable)
                  00001380    0000000a                   : i2c.obj (.text:I2CMasterIntStatusEx)
                  0000138a    00000008                   : i2c.obj (.text:I2CMasterBusy)
                  00001392    00000008                   : i2c.obj (.text:I2CMasterIntClear)
                  0000139a    00000008                   : i2c.obj (.text:I2CMasterIntEnableEx)
                  000013a2    00000008                   : i2c.obj (.text:I2CMasterSlaveAddrSet)
                  000013aa    00000006                   : sysctl.obj (.text:SysCtlDelay)
                  000013b0    00000006                   : uart.obj (.text:UARTClockSourceSet)
                  000013b6    00000004                   : i2c.obj (.text:I2CMasterControl)
                  000013ba    00000004                   : i2c.obj (.text:I2CMasterDataGet)
                  000013be    00000004                   : i2c.obj (.text:I2CMasterDataPut)
                  000013c2    00000004                   : i2c.obj (.text:I2CMasterIntClearEx)
                  000013c6    00000004     rtsv7M4_T_le_v4SPD16_eabi.lib : pre_init.c.obj (.text:_system_pre_init)
                  000013ca    00000004                                   : exit.c.obj (.text:abort:abort)

.const     0    000013d0    0000019c     
                  000013d0    00000090     driverlib.lib : gpio.obj (.const:g_pui32GPIOBaseAddrs)
                  00001460    00000070                   : interrupt.obj (.const)
                  000014d0    0000006c                   : sysctl.obj (.const:g_pui32Xtals)
                  0000153c    00000012     uartstdio.obj (.const:.string)
                  0000154e    00000002     --HOLE-- [fill = 0]
                  00001550    0000000c     uartstdio.obj (.const:g_ui32UARTBase)
                  0000155c    0000000c     uartstdio.obj (.const:g_ui32UARTPeriph)
                  00001568    00000004     uartstdio.obj (.const)

.cinit     0    00001570    00000018     
                  00001570    00000008     (__TI_handler_table)
                  00001578    00000007     (.cinit..data.load) [load image, compression = lzss]
                  0000157f    00000001     --HOLE-- [fill = 0]
                  00001580    00000008     (__TI_cinit_table)

.init_array 
*          0    00000000    00000000     UNINITIALIZED

.data      0    20000200    00000005     UNINITIALIZED
                  20000200    00000005     uartstdio.obj (.data)

.stack     0    20000000    00000200     UNINITIALIZED
                  20000000    00000004     rtsv7M4_T_le_v4SPD16_eabi.lib : boot_cortex_m.c.obj (.stack)
                  20000004    000001fc     --HOLE--

MODULE SUMMARY

       Module                         code   ro data   rw data
       ------                         ----   -------   -------
    .\
       main.obj                       1312   0         0      
       uartstdio.obj                  1244   46        5      
       tm4c123gh6pm_startup_ccs.obj   12     620       0      
    +--+------------------------------+------+---------+---------+
       Total:                         2568   666       5      
                                                              
    C:/ti/TivaWare_C_Series-2.1.4.178/driverlib/ccs/Debug/driverlib.lib
       sysctl.obj                     654    108       0      
       gpio.obj                       474    144       0      
       interrupt.obj                  120    112       0      
       i2c.obj                        144    0         0      
       cpu.obj                        12     0         0      
       uart.obj                       6      0         0      
    +--+------------------------------+------+---------+---------+
       Total:                         1410   364       0      
                                                              
    C:\ti\ccsv8\tools\compiler\ti-cgt-arm_18.1.2.LTS\lib\rtsv7M4_T_le_v4SPD16_eabi.lib
       memcpy_t2.asm.obj              156    0         0      
       copy_decompress_lzss.c.obj     104    0         0      
       autoinit.c.obj                 68     0         0      
       u_divt2.asm.obj                64     0         0      
       boot_cortex_m.c.obj            56     0         0      
       copy_decompress_none.c.obj     14     0         0      
       exit.c.obj                     4      0         0      
       pre_init.c.obj                 4      0         0      
       div0.asm.obj                   2      0         0      
    +--+------------------------------+------+---------+---------+
       Total:                         472    0         0      
                                                              
       Stack:                         0      0         512    
       Linker Generated:              0      23        0      
    +--+------------------------------+------+---------+---------+
       Grand Total:                   4450   1053      517    


LINKER GENERATED COPY TABLES

__TI_cinit_table @ 00001580 records: 1, size/record: 8, table size: 8
	.data: load addr=00001578, load size=00000007 bytes, run addr=20000200, run size=00000005 bytes, compression=lzss


LINKER GENERATED HANDLER TABLE

__TI_handler_table @ 00001570 records: 2, size/record: 4, table size: 8
	index: 0, handler: __TI_decompress_lzss
	index: 1, handler: __TI_decompress_none


GLOBAL SYMBOLS: SORTED ALPHABETICALLY BY Name 

address   name                          
-------   ----                          
000013cb  C$$EXIT                       
0000135f  CPUcpsie                      
0000061b  ConfigureUART                 
000012e1  GPIODirModeSet                
00000c69  GPIOPadConfigSet              
000011a9  GPIOPinConfigure              
0000130b  GPIOPinTypeI2C                
0000131d  GPIOPinTypeI2CSCL             
0000132f  GPIOPinTypeUART               
0000059d  GetClock                      
0000026d  I2C0IntHanler                 
0000138b  I2CMasterBusy                 
000013b7  I2CMasterControl              
000013bb  I2CMasterDataGet              
000013bf  I2CMasterDataPut              
00001377  I2CMasterEnable               
0000115d  I2CMasterInitExpClk           
00001393  I2CMasterIntClear             
000013c3  I2CMasterIntClearEx           
0000139b  I2CMasterIntEnableEx          
00001381  I2CMasterIntStatusEx          
000013a3  I2CMasterSlaveAddrSet         
00000411  I2CReceive                    
0000032d  I2CSend                       
000002d5  InitI2C0                      
0000103d  IntEnable                     
00001341  IntMasterEnable               
0000136b  ResetISR                      
0000052f  SetDate                       
00000581  SetSpecReg                    
000004b5  SetTimeDate                   
00000d9d  SysCtlClockGet                
00000ead  SysCtlClockSet                
000013ab  SysCtlDelay                   
000012ad  SysCtlPeripheralEnable        
0000110d  SysCtlPeripheralReset         
000013b1  UARTClockSourceSet            
0000078d  UARTStdioConfig               
00000905  UARTgetc                      
0000083f  UARTgets                      
00000c33  UARTprintf                    
00000939  UARTvprintf                   
000007ed  UARTwrite                     
20000200  __STACK_END                   
00000200  __STACK_SIZE                  
20000200  __STACK_TOP                   
00001580  __TI_CINIT_Base               
00001588  __TI_CINIT_Limit              
00001570  __TI_Handler_Table_Base       
00001578  __TI_Handler_Table_Limit      
000011f1  __TI_auto_init_nobinit_nopinit
000010a5  __TI_decompress_lzss          
00001351  __TI_decompress_none          
ffffffff  __TI_pprof_out_hndl           
ffffffff  __TI_prof_data_size           
ffffffff  __TI_prof_data_start          
00000000  __TI_static_base__            
00000d9b  __aeabi_idiv0                 
00000d9b  __aeabi_ldiv0                 
00000fa1  __aeabi_memcpy                
00000fa1  __aeabi_memcpy4               
00000fa1  __aeabi_memcpy8               
00001235  __aeabi_uidiv                 
00001235  __aeabi_uidivmod              
ffffffff  __binit__                     
ffffffff  __c_args__                    
UNDEFED   __mpu_init                    
20000000  __stack                       
00001275  _c_int00_noargs               
UNDEFED   _system_post_cinit            
000013c7  _system_pre_init              
000013cb  abort                         
0000048d  bcd2dec                       
ffffffff  binit                         
00000467  dec2bcd                       
00000000  g_pfnVectors                  
00000675  main                          
00000fa1  memcpy                        


GLOBAL SYMBOLS: SORTED BY Symbol Address 

address   name                          
-------   ----                          
00000000  __TI_static_base__            
00000000  g_pfnVectors                  
00000200  __STACK_SIZE                  
0000026d  I2C0IntHanler                 
000002d5  InitI2C0                      
0000032d  I2CSend                       
00000411  I2CReceive                    
00000467  dec2bcd                       
0000048d  bcd2dec                       
000004b5  SetTimeDate                   
0000052f  SetDate                       
00000581  SetSpecReg                    
0000059d  GetClock                      
0000061b  ConfigureUART                 
00000675  main                          
0000078d  UARTStdioConfig               
000007ed  UARTwrite                     
0000083f  UARTgets                      
00000905  UARTgetc                      
00000939  UARTvprintf                   
00000c33  UARTprintf                    
00000c69  GPIOPadConfigSet              
00000d9b  __aeabi_idiv0                 
00000d9b  __aeabi_ldiv0                 
00000d9d  SysCtlClockGet                
00000ead  SysCtlClockSet                
00000fa1  __aeabi_memcpy                
00000fa1  __aeabi_memcpy4               
00000fa1  __aeabi_memcpy8               
00000fa1  memcpy                        
0000103d  IntEnable                     
000010a5  __TI_decompress_lzss          
0000110d  SysCtlPeripheralReset         
0000115d  I2CMasterInitExpClk           
000011a9  GPIOPinConfigure              
000011f1  __TI_auto_init_nobinit_nopinit
00001235  __aeabi_uidiv                 
00001235  __aeabi_uidivmod              
00001275  _c_int00_noargs               
000012ad  SysCtlPeripheralEnable        
000012e1  GPIODirModeSet                
0000130b  GPIOPinTypeI2C                
0000131d  GPIOPinTypeI2CSCL             
0000132f  GPIOPinTypeUART               
00001341  IntMasterEnable               
00001351  __TI_decompress_none          
0000135f  CPUcpsie                      
0000136b  ResetISR                      
00001377  I2CMasterEnable               
00001381  I2CMasterIntStatusEx          
0000138b  I2CMasterBusy                 
00001393  I2CMasterIntClear             
0000139b  I2CMasterIntEnableEx          
000013a3  I2CMasterSlaveAddrSet         
000013ab  SysCtlDelay                   
000013b1  UARTClockSourceSet            
000013b7  I2CMasterControl              
000013bb  I2CMasterDataGet              
000013bf  I2CMasterDataPut              
000013c3  I2CMasterIntClearEx           
000013c7  _system_pre_init              
000013cb  C$$EXIT                       
000013cb  abort                         
00001570  __TI_Handler_Table_Base       
00001578  __TI_Handler_Table_Limit      
00001580  __TI_CINIT_Base               
00001588  __TI_CINIT_Limit              
20000000  __stack                       
20000200  __STACK_END                   
20000200  __STACK_TOP                   
ffffffff  __TI_pprof_out_hndl           
ffffffff  __TI_prof_data_size           
ffffffff  __TI_prof_data_start          
ffffffff  __binit__                     
ffffffff  __c_args__                    
ffffffff  binit                         
UNDEFED   __mpu_init                    
UNDEFED   _system_post_cinit            

[78 symbols]
